// Jest Snapshot v1, https://goo.gl/fbAQLP

exports[`Socket emits data on a timer 1`] = `
Object {
  "projects": Array [],
}
`;

exports[`Socket emits data when a new client connects 1`] = `
Object {
  "projects": Array [],
}
`;
