// Jest Snapshot v1, https://goo.gl/fbAQLP

exports[`Build wrapper renders correctly 1`] = `
<div
  className="build-wrapper"
>
  <Build
    buildNumber={1}
    repo="project1"
  />
  <Build
    buildNumber={2}
    repo="project2"
  />
</div>
`;
