// Jest Snapshot v1, https://goo.gl/fbAQLP

exports[`Project wrapper renders correctly 1`] = `
<div
  className="project-wrapper"
>
  <Summary
    category="building"
    projects={
      Array [
        Object {
          "name": "org/project-1",
        },
      ]
    }
  />
  <Summary
    category="failing"
    projects={
      Array [
        Object {
          "name": "org/project-3",
        },
      ]
    }
  />
  <Summary
    category="unknown"
    projects={
      Array [
        Object {
          "name": "org/project-4",
        },
      ]
    }
  />
  <Summary
    category="passing"
    projects={
      Array [
        Object {
          "name": "org/project-2",
        },
      ]
    }
  />
</div>
`;
